A51 MACRO ASSEMBLER  LCD_DISPLAY                                                          11/02/2023 00:23:21 PAGE     1


MACRO ASSEMBLER A51 V8.2.7.0
OBJECT MODULE PLACED IN .\Objects\lcd_display.obj
ASSEMBLER INVOKED BY: D:\Keil uVision5\C51\BIN\A51.EXE lcd_display.asm SET(SMALL) DEBUG PRINT(.\Listings\lcd_display.lst
                      ) OBJECT(.\Objects\lcd_display.obj) EP

LOC  OBJ            LINE     SOURCE

                       1     
                       2     
3000                   3     ORG 3000H
3000 49494954          4     WORD1 : DB 'IIITN', 00H
3004 4E00                    
                       5     
3100                   6     ORG 3100H
3100 45434520          7     WORD2 : DB 'ECE DEPT.', 00H
3104 44455054                
3108 2E00                    
                       8             
                       9             
0000                  10     ORG 0000H ; Set the origin address to 0000H
0000 803E             11     SJMP MAIN ; Skip to the MAIN label
0040                  12     ORG 0040H ; Set the origin address to 0040H
0040 759000           13     MAIN:   MOV P1, #00H ; Initialize Port 1 to 00H
0043 75A000           14                     MOV P2, #00H ; Initialize Port 2 to 00H
                      15                     
0046 7438             16                     MOV A, #38H ; Load A with 38H
0048 7100             17                     ACALL CMD ; Call the COMMAND subroutine
004A 740F             18                     MOV A, #0FH ; Load A with 0FH
004C 7100             19                     ACALL CMD ; Call the COMMAND subroutine
                      20                     
004E 7480             21                     MOV A, #80H ; Load A with 80H
0050 7100             22                     ACALL CMD ; Call the COMMAND subroutine
0052 7401             23                     MOV A, #01H ; Load A with 01H
0054 7100             24                     ACALL CMD ; Call the COMMAND subroutine
                      25                     
0056 903000           26                     MOV DPTR, #WORD1 ; Load DPTR with the address of WORD1
0059 7485             27                     MOV A, #085H ; Load A with 085H
005B 7100             28                     ACALL CMD ; Call the COMMAND subroutine
005D 7400             29                     REPEAT: MOV A, #00H ; Load A with 00H
005F 93               30                                     MOVC A, @A+DPTR ; Load A with the value at the address poin
                             ted to by DPTR
0060 6005             31                                     JZ FINISH1 ; If A is zero, jump to FINISH1
0062 5100             32                                     ACALL VALUE ; Call the DATA1 subroutine
0064 A3               33                                     INC DPTR ; Increment DPTR
0065 80F6             34                                     SJMP REPEAT ; Jump back to REPEAT
0067                  35                     FINISH1:
0067 903100           36                                     MOV DPTR, #WORD2 ; Load DPTR with the address of WORD2
006A 74C4             37                                     MOV A, #0C4H ; Load A with 0C4H
006C 7100             38                                     ACALL CMD ; Call the COMMAND subroutine
006E 7400             39                     REPEAT1:MOV A, #00H ; Load A with 00H
0070 93               40                                     MOVC A, @A+DPTR ; Load A with the value at the address poin
                             ted to by DPTR
0071 6005             41                                     JZ FINISH ; If A is zero, jump to FINISH
0073 5100             42                                     ACALL VALUE ; Call the DATA1 subroutine
0075 A3               43                                     INC DPTR ; Increment DPTR
0076 80F6             44                                     SJMP REPEAT1 ; Jump back to REPEAT1
0078 80FE             45                     FINISH: SJMP FINISH ; Jump to FINISH
007A 22               46     RET
                      47     
0200                  48     ORG 0200H
0200 9100             49     VALUE : ACALL DELAY
0202 F590             50                     MOV P1, A
0204 D2A0             51                     SETB P2.0;  P2.0=RS
0206 D2A1             52                     SETB P2.1; P2.1=ENABLE
A51 MACRO ASSEMBLER  LCD_DISPLAY                                                          11/02/2023 00:23:21 PAGE     2

0208 C2A1             53                     CLR P2.1
020A 22               54     RET
                      55     
0300                  56     ORG 0300H
0300 9100             57     CMD : ACALL DELAY
0302 F590             58               MOV P1, A
0304 C2A0             59               CLR P2.0
0306 D2A1             60               SETB P2.1
0308 C2A1             61               CLR P2.1
030A 22               62     RET
                      63     
0400                  64     ORG 0400H
0400 7BFF             65     DELAY : MOV R3, #0FFH
0402 7CFF             66     AGAIN1 :MOV R4, #0FFH
0404 7D07             67     AGAIN2 :MOV R5, #7
0406 DDFE             68     AGAIN3 :DJNZ R5, AGAIN3
0408 DCFA             69             DJNZ R4, AGAIN2
040A DBF6             70                     DJNZ R3, AGAIN1
040C 22               71     RET
                      72     END
A51 MACRO ASSEMBLER  LCD_DISPLAY                                                          11/02/2023 00:23:21 PAGE     3

SYMBOL TABLE LISTING
------ ----- -------


N A M E             T Y P E  V A L U E   ATTRIBUTES

AGAIN1 . . . . . .  C ADDR   0402H   A   
AGAIN2 . . . . . .  C ADDR   0404H   A   
AGAIN3 . . . . . .  C ADDR   0406H   A   
CMD. . . . . . . .  C ADDR   0300H   A   
DELAY. . . . . . .  C ADDR   0400H   A   
FINISH . . . . . .  C ADDR   0078H   A   
FINISH1. . . . . .  C ADDR   0067H   A   
MAIN . . . . . . .  C ADDR   0040H   A   
P1 . . . . . . . .  D ADDR   0090H   A   
P2 . . . . . . . .  D ADDR   00A0H   A   
REPEAT . . . . . .  C ADDR   005DH   A   
REPEAT1. . . . . .  C ADDR   006EH   A   
VALUE. . . . . . .  C ADDR   0200H   A   
WORD1. . . . . . .  C ADDR   3000H   A   
WORD2. . . . . . .  C ADDR   3100H   A   


REGISTER BANK(S) USED: 0 


ASSEMBLY COMPLETE.  0 WARNING(S), 0 ERROR(S)
